
Running test 1/8:test_yield_list
Partition of a set of 33098 objects. Total size = 2449120 bytes.
 Index  Count   %     Size   % Cumulative  % Referrers by Kind (class / dict of class)
     0  12235  37   624288  25    624288  25 types.CodeType
     1   1870   6   192136   8    816424  33 dict of module
     2   3027   9   176468   7    992892  41 dict of type
     3    897   3   154844   6   1147736  47 type
     4   2313   7   153360   6   1301096  53 function
     5    507   2   114676   5   1415772  58 function, tuple
     6   2547   8    96624   4   1512396  62 tuple
     7     55   0    89656   4   1602052  65 function, module
     8   1781   5    73380   3   1675432  68 dict (no owner)
     9    176   1    68876   3   1744308  71 class
<628 more rows. Type e.g. '_.more' to view.>
End of test
Partition of a set of 33326 objects. Total size = 2478564 bytes.
 Index  Count   %     Size   % Cumulative  % Referrers by Kind (class / dict of class)
     0  12235  37   624288  25    624288  25 types.CodeType
     1   1870   6   192136   8    816424  33 dict of module
     2   3027   9   176468   7    992892  40 dict of type
     3    897   3   154844   6   1147736  46 type
     4   2311   7   153216   6   1300952  52 function
     5    506   2   114604   5   1415556  57 function, tuple
     6   2541   8    96492   4   1512048  61 tuple
     7     55   0    89656   4   1601704  65 function, module
     8   1822   5    74664   3   1676368  68 dict (no owner)
     9    178   1    69044   3   1745412  70 class
<649 more rows. Type e.g. '_.more' to view.>
Running test 2/8:test_function_not_a_coroutine
Partition of a set of 33329 objects. Total size = 2479008 bytes.
 Index  Count   %     Size   % Cumulative  % Referrers by Kind (class / dict of class)
     0  12235  37   624288  25    624288  25 types.CodeType
     1   1870   6   192136   8    816424  33 dict of module
     2   3027   9   176468   7    992892  40 dict of type
     3    897   3   154844   6   1147736  46 type
     4   2310   7   153144   6   1300880  52 function
     5    506   2   114604   5   1415484  57 function, tuple
     6   2541   8    96492   4   1511976  61 tuple
     7     55   0    89656   4   1601632  65 function, module
     8   1822   5    74664   3   1676296  68 dict (no owner)
     9    178   1    69044   3   1745340  70 class
<649 more rows. Type e.g. '_.more' to view.>
End of test
Partition of a set of 33353 objects. Total size = 2480976 bytes.
 Index  Count   %     Size   % Cumulative  % Referrers by Kind (class / dict of class)
     0  12235  37   624288  25    624288  25 types.CodeType
     1   1870   6   192136   8    816424  33 dict of module
     2   3027   9   176468   7    992892  40 dict of type
     3    897   3   154844   6   1147736  46 type
     4   2311   7   153216   6   1300952  52 function
     5    506   2   114604   5   1415556  57 function, tuple
     6   2541   8    96492   4   1512048  61 tuple
     7     55   0    89656   4   1601704  65 function, module
     8   1825   5    74748   3   1676452  68 dict (no owner)
     9    178   1    69044   3   1745496  70 class
<652 more rows. Type e.g. '_.more' to view.>
Running test 3/8:test_coroutine_kill
Partition of a set of 33354 objects. Total size = 2481344 bytes.
 Index  Count   %     Size   % Cumulative  % Referrers by Kind (class / dict of class)
     0  12235  37   624288  25    624288  25 types.CodeType
     1   1870   6   192136   8    816424  33 dict of module
     2   3027   9   176468   7    992892  40 dict of type
     3    897   3   154844   6   1147736  46 type
     4   2310   7   153144   6   1300880  52 function
     5    506   2   114604   5   1415484  57 function, tuple
     6   2541   8    96492   4   1511976  61 tuple
     7     55   0    89656   4   1601632  65 function, module
     8   1825   5    74748   3   1676380  68 dict (no owner)
     9    178   1    69044   3   1745424  70 class
<652 more rows. Type e.g. '_.more' to view.>
End of test
Partition of a set of 33422 objects. Total size = 2494636 bytes.
 Index  Count   %     Size   % Cumulative  % Referrers by Kind (class / dict of class)
     0  12235  37   624288  25    624288  25 types.CodeType
     1   1870   6   192136   8    816424  33 dict of module
     2   3027   9   176468   7    992892  40 dict of type
     3    897   3   154844   6   1147736  46 type
     4   2311   7   153216   6   1300952  52 function
     5    506   2   114604   5   1415556  57 function, tuple
     6   2541   8    96492   4   1512048  61 tuple
     7     55   0    89656   4   1601704  64 function, module
     8   1843   6    75280   3   1676984  67 dict (no owner)
     9    178   1    69044   3   1746028  70 class
<651 more rows. Type e.g. '_.more' to view.>
Running test 4/8:test_adding_a_coroutine_without_starting
Partition of a set of 33438 objects. Total size = 2496172 bytes.
 Index  Count   %     Size   % Cumulative  % Referrers by Kind (class / dict of class)
     0  12235  37   624288  25    624288  25 types.CodeType
     1   1869   6   192140   8    816428  33 dict of module
     2   3026   9   176412   7    992840  40 dict of type
     3    897   3   154844   6   1147684  46 type
     4   2310   7   153104   6   1300788  52 function
     5    506   2   114624   5   1415412  57 function, tuple
     6   2541   8    96436   4   1511848  61 tuple
     7     55   0    89656   4   1601504  64 function, module
     8   1841   6    75224   3   1676728  67 dict (no owner)
     9    178   1    69044   3   1745772  70 class
<662 more rows. Type e.g. '_.more' to view.>
End of test
Partition of a set of 33490 objects. Total size = 2502996 bytes.
 Index  Count   %     Size   % Cumulative  % Referrers by Kind (class / dict of class)
     0  12235  37   624288  25    624288  25 types.CodeType
     1   1869   6   192140   8    816428  33 dict of module
     2   3026   9   176412   7    992840  40 dict of type
     3    897   3   154844   6   1147684  46 type
     4   2311   7   153176   6   1300860  52 function
     5    506   2   114624   5   1415484  57 function, tuple
     6   2539   8    96336   4   1511820  60 tuple
     7     55   0    89656   4   1601476  64 function, module
     8   1846   6    75364   3   1676840  67 dict (no owner)
     9    178   1    69044   3   1745884  70 class
<662 more rows. Type e.g. '_.more' to view.>
Running test 5/8:test_function_not_a_coroutine_fork
Partition of a set of 33491 objects. Total size = 2503364 bytes.
 Index  Count   %     Size   % Cumulative  % Referrers by Kind (class / dict of class)
     0  12235  37   624288  25    624288  25 types.CodeType
     1   1869   6   192140   8    816428  33 dict of module
     2   3026   9   176412   7    992840  40 dict of type
     3    897   3   154844   6   1147684  46 type
     4   2310   7   153104   6   1300788  52 function
     5    506   2   114624   5   1415412  57 function, tuple
     6   2539   8    96336   4   1511748  60 tuple
     7     55   0    89656   4   1601404  64 function, module
     8   1846   6    75364   3   1676768  67 dict (no owner)
     9    178   1    69044   3   1745812  70 class
<662 more rows. Type e.g. '_.more' to view.>
End of test
Partition of a set of 33510 objects. Total size = 2505008 bytes.
 Index  Count   %     Size   % Cumulative  % Referrers by Kind (class / dict of class)
     0  12235  37   624288  25    624288  25 types.CodeType
     1   1869   6   192140   8    816428  33 dict of module
     2   3026   9   176412   7    992840  40 dict of type
     3    897   3   154844   6   1147684  46 type
     4   2311   7   153176   6   1300860  52 function
     5    506   2   114624   5   1415484  57 function, tuple
     6   2539   8    96336   4   1511820  60 tuple
     7     55   0    89656   4   1601476  64 function, module
     8   1849   6    75448   3   1676924  67 dict (no owner)
     9    178   1    69044   3   1745968  70 class
<663 more rows. Type e.g. '_.more' to view.>
Running test 6/8:test_function_reentrant_clock
Partition of a set of 33511 objects. Total size = 2505372 bytes.
 Index  Count   %     Size   % Cumulative  % Referrers by Kind (class / dict of class)
     0  12235  37   624288  25    624288  25 types.CodeType
     1   1869   6   192140   8    816428  33 dict of module
     2   3026   9   176412   7    992840  40 dict of type
     3    897   3   154844   6   1147684  46 type
     4   2310   7   153104   6   1300788  52 function
     5    506   2   114624   5   1415412  56 function, tuple
     6   2539   8    96336   4   1511748  60 tuple
     7     55   0    89656   4   1601404  64 function, module
     8   1849   6    75448   3   1676852  67 dict (no owner)
     9    178   1    69044   3   1745896  70 class
<663 more rows. Type e.g. '_.more' to view.>
End of test
Partition of a set of 33694 objects. Total size = 2534072 bytes.
 Index  Count   %     Size   % Cumulative  % Referrers by Kind (class / dict of class)
     0  12235  36   624288  25    624288  25 types.CodeType
     1   1869   6   192140   8    816428  32 dict of module
     2   3026   9   176412   7    992840  39 dict of type
     3    897   3   154844   6   1147684  45 type
     4   2311   7   153176   6   1300860  51 function
     5    506   2   114624   5   1415484  56 function, tuple
     6   2539   8    96336   4   1511820  60 tuple
     7     55   0    89656   4   1601476  63 function, module
     8   1888   6    76540   3   1678016  66 dict (no owner)
     9    178   1    69044   3   1747060  69 class
<665 more rows. Type e.g. '_.more' to view.>
Running test 7/8:simple_test
Partition of a set of 33695 objects. Total size = 2534440 bytes.
 Index  Count   %     Size   % Cumulative  % Referrers by Kind (class / dict of class)
     0  12235  36   624288  25    624288  25 types.CodeType
     1   1869   6   192140   8    816428  32 dict of module
     2   3026   9   176412   7    992840  39 dict of type
     3    897   3   154844   6   1147684  45 type
     4   2310   7   153104   6   1300788  51 function
     5    506   2   114624   5   1415412  56 function, tuple
     6   2539   8    96336   4   1511748  60 tuple
     7     55   0    89656   4   1601404  63 function, module
     8   1888   6    76540   3   1677944  66 dict (no owner)
     9    178   1    69044   3   1746988  69 class
<665 more rows. Type e.g. '_.more' to view.>
End of test
Partition of a set of 33707 objects. Total size = 2535580 bytes.
 Index  Count   %     Size   % Cumulative  % Referrers by Kind (class / dict of class)
     0  12235  36   624288  25    624288  25 types.CodeType
     1   1869   6   192140   8    816428  32 dict of module
     2   3026   9   176412   7    992840  39 dict of type
     3    897   3   154844   6   1147684  45 type
     4   2311   7   153176   6   1300860  51 function
     5    506   2   114624   5   1415484  56 function, tuple
     6   2539   8    96336   4   1511820  60 tuple
     7     56   0    90176   4   1601996  63 function, module
     8   1891   6    76624   3   1678620  66 dict (no owner)
     9    178   1    69044   3   1747664  69 class
<665 more rows. Type e.g. '_.more' to view.>
Running test 8/8:discover_module_values
Partition of a set of 33708 objects. Total size = 2535944 bytes.
 Index  Count   %     Size   % Cumulative  % Referrers by Kind (class / dict of class)
     0  12235  36   624288  25    624288  25 types.CodeType
     1   1869   6   192140   8    816428  32 dict of module
     2   3026   9   176412   7    992840  39 dict of type
     3    897   3   154844   6   1147684  45 type
     4   2310   7   153104   6   1300788  51 function
     5    506   2   114624   5   1415412  56 function, tuple
     6   2539   8    96336   4   1511748  60 tuple
     7     56   0    90176   4   1601924  63 function, module
     8   1891   6    76624   3   1678548  66 dict (no owner)
     9    178   1    69044   3   1747592  69 class
<664 more rows. Type e.g. '_.more' to view.>
End of test
Partition of a set of 33792 objects. Total size = 2547164 bytes.
 Index  Count   %     Size   % Cumulative  % Referrers by Kind (class / dict of class)
     0  12235  36   624288  25    624288  25 types.CodeType
     1   1869   6   192140   8    816428  32 dict of module
     2   3026   9   176412   7    992840  39 dict of type
     3    897   3   154844   6   1147684  45 type
     4   2311   7   153176   6   1300860  51 function
     5    506   1   114624   5   1415484  56 function, tuple
     6   2539   8    96336   4   1511820  59 tuple
     7     57   0    90696   4   1602516  63 function, module
     8   1901   6    76904   3   1679420  66 dict (no owner)
     9    133   0    69160   3   1748580  69 logging.Logger
<665 more rows. Type e.g. '_.more' to view.>